// Jest Snapshot v1, https://goo.gl/fbAQLP

exports[`Components PageContent should render as expected, without crashing 1`] = `
.c0 {
  position: relative;
  padding-bottom: 1.5rem;
  padding-top: 1.5rem;
  text-align: center;
  min-height: 100vh;
}

@media (min-width:48em) {
  .c0 {
    padding-bottom: 3rem;
    padding-top: 3rem;
  }
}

<div
  class="c0"
>
  <div>
    Test
  </div>
</div>
`;
