// Jest Snapshot v1, https://goo.gl/fbAQLP

exports[`Components PortfolioPage should render as expected, without crashing 1`] = `
ShallowWrapper {
  Symbol(enzyme.__root__): [Circular],
  Symbol(enzyme.__unrendered__): <PortfolioPage
    hasFetched={true}
    history={
      Object {
        "push": [MockFunction],
      }
    }
    portfolioItem={
      Object {
        "description": "Lorem ipsum dolor sit amet, consectetur adipisicing elit. Modi deserunt veritatis dolore sit ea, illum quae omnis placeat, natus est sapiente atque eaque obcaecati.

Lorem ipsum dolor sit amet, consectetur adipisicing elit. Modi deserunt veritatis dolore sit ea, illum quae omnis placeat, natus est sapiente atque eaque obcaecati.",
        "descriptionShort": "Lorem ipsum dolor sit amet, consectetur adipisicing elit. Nemo velit omnis.",
        "headerImgSrc": "https://devotement.com/anticorn/pajahuello?a=rhynchophoran&b=toyer#prescience",
        "id": "93fffc74-34a4-49da-a995-eed94dfdc9bc",
        "previews": Object {
          "desktop": "http://hyperterrestrial.com/unconspiringness/uncreeping?a=pasterer&b=hemen#timalia",
          "mobile": "https://quadrupedan.com/inroader/ohmmeter?a=proseuche&b=provisorily#coriander",
          "tablet": "https://subtilism.com/dermatoscopy/nombril?a=phlebolithiasis&b=blancher#downthrow",
        },
        "slug": "scrupulum-misphrase",
        "supportingImageSrc": "http://autotomic.com/envious/israelitish?a=rhonchal&b=tetrahydro#piehouse",
        "tech": Array [
          Object {
            "icon": "Glycolaldehyde",
            "name": "youngling",
          },
        ],
        "title": "Scrupulum Misphrase",
        "url": "https://endocrinopathic.com/pluviometrically/phosphorylase?a=ulnocarpal&b=proreptilia#trochleariform",
      }
    }
    requestPortfolioItems={[MockFunction]}
  />,
  Symbol(enzyme.__renderer__): Object {
    "batchedUpdates": [Function],
    "getNode": [Function],
    "render": [Function],
    "simulateError": [Function],
    "simulateEvent": [Function],
    "unmount": [Function],
  },
  Symbol(enzyme.__node__): Object {
    "instance": null,
    "key": undefined,
    "nodeType": "function",
    "props": Object {
      "children": <div
        className="portfolio-page"
      >
        <PortfolioPageHeader
          bgImage="https://devotement.com/anticorn/pajahuello?a=rhynchophoran&b=toyer#prescience"
          tech={
            Array [
              Object {
                "icon": "Glycolaldehyde",
                "name": "youngling",
              },
            ]
          }
          title="Scrupulum Misphrase"
        />
        <PortfolioPageContent>
          <Container>
            <Row
              align={null}
              alignLG={null}
              alignMD={null}
              alignSM={null}
              alignXL={null}
              justify="center"
              justifyLG={null}
              justifyMD={null}
              justifySM={null}
              justifyXL={null}
            >
              <Column
                pull={null}
                pullLG={null}
                pullMD={null}
                pullSM={null}
                pullXL={null}
                push={null}
                pushLG={null}
                pushMD={null}
                pushSM={null}
                pushXL={null}
                span={null}
                spanLG={null}
                spanMD={null}
                spanSM={10}
                spanXL={null}
              >
                <Row
                  align={null}
                  alignLG="middle"
                  alignMD={null}
                  alignSM={null}
                  alignXL={null}
                  justify={null}
                  justifyLG={null}
                  justifyMD={null}
                  justifySM={null}
                  justifyXL={null}
                >
                  <Column
                    pull={null}
                    pullLG={null}
                    pullMD={null}
                    pullSM={null}
                    pullXL={null}
                    push={null}
                    pushLG={null}
                    pushMD={null}
                    pushSM={null}
                    pushXL={null}
                    span={12}
                    spanLG={null}
                    spanMD="auto"
                    spanSM={null}
                    spanXL={6}
                  >
                    <ReactMarkdown
                      astPlugins={Array []}
                      escapeHtml={true}
                      plugins={Array []}
                      rawSourcePos={false}
                      renderers={Object {}}
                      skipHtml={false}
                      source="Lorem ipsum dolor sit amet, consectetur adipisicing elit. Modi deserunt veritatis dolore sit ea, illum quae omnis placeat, natus est sapiente atque eaque obcaecati.

Lorem ipsum dolor sit amet, consectetur adipisicing elit. Modi deserunt veritatis dolore sit ea, illum quae omnis placeat, natus est sapiente atque eaque obcaecati."
                      sourcePos={false}
                      transformLinkUri={[Function]}
                    />
                  </Column>
                  <Column
                    pull={null}
                    pullLG={null}
                    pullMD={null}
                    pullSM={null}
                    pullXL={null}
                    push={null}
                    pushLG={null}
                    pushMD={null}
                    pushSM={null}
                    pushXL={1}
                    span={12}
                    spanLG={null}
                    spanMD={6}
                    spanSM={null}
                    spanXL={5}
                  >
                    <figure
                      className="portfolio-page__supporting-image"
                    >
                      <img
                        alt=""
                        src="http://autotomic.com/envious/israelitish?a=rhonchal&b=tetrahydro#piehouse"
                      />
                    </figure>
                  </Column>
                </Row>
                <hr
                  className="portfolio-page__content-divider"
                />
                <PortfolioCarousel
                  desktopImage="http://hyperterrestrial.com/unconspiringness/uncreeping?a=pasterer&b=hemen#timalia"
                  mobileImage="https://quadrupedan.com/inroader/ohmmeter?a=proseuche&b=provisorily#coriander"
                  tabletImage="https://subtilism.com/dermatoscopy/nombril?a=phlebolithiasis&b=blancher#downthrow"
                />
                <PortfolioDeviceLineup
                  desktopImage="http://hyperterrestrial.com/unconspiringness/uncreeping?a=pasterer&b=hemen#timalia"
                  mobileImage="https://quadrupedan.com/inroader/ohmmeter?a=proseuche&b=provisorily#coriander"
                  tabletImage="https://subtilism.com/dermatoscopy/nombril?a=phlebolithiasis&b=blancher#downthrow"
                />
                <hr
                  className="portfolio-page__content-divider"
                />
                <div
                  className="portfolio-page__external-link"
                >
                  <Button
                    external={true}
                    primary={true}
                    secondary={true}
                    to="https://endocrinopathic.com/pluviometrically/phosphorylase?a=ulnocarpal&b=proreptilia#trochleariform"
                  >
                    Visit
                     
                    Scrupulum Misphrase
                  </Button>
                </div>
              </Column>
            </Row>
          </Container>
        </PortfolioPageContent>
      </div>,
    },
    "ref": null,
    "rendered": Object {
      "instance": null,
      "key": undefined,
      "nodeType": "host",
      "props": Object {
        "children": Array [
          <PortfolioPageHeader
            bgImage="https://devotement.com/anticorn/pajahuello?a=rhynchophoran&b=toyer#prescience"
            tech={
              Array [
                Object {
                  "icon": "Glycolaldehyde",
                  "name": "youngling",
                },
              ]
            }
            title="Scrupulum Misphrase"
          />,
          <PortfolioPageContent>
            <Container>
              <Row
                align={null}
                alignLG={null}
                alignMD={null}
                alignSM={null}
                alignXL={null}
                justify="center"
                justifyLG={null}
                justifyMD={null}
                justifySM={null}
                justifyXL={null}
              >
                <Column
                  pull={null}
                  pullLG={null}
                  pullMD={null}
                  pullSM={null}
                  pullXL={null}
                  push={null}
                  pushLG={null}
                  pushMD={null}
                  pushSM={null}
                  pushXL={null}
                  span={null}
                  spanLG={null}
                  spanMD={null}
                  spanSM={10}
                  spanXL={null}
                >
                  <Row
                    align={null}
                    alignLG="middle"
                    alignMD={null}
                    alignSM={null}
                    alignXL={null}
                    justify={null}
                    justifyLG={null}
                    justifyMD={null}
                    justifySM={null}
                    justifyXL={null}
                  >
                    <Column
                      pull={null}
                      pullLG={null}
                      pullMD={null}
                      pullSM={null}
                      pullXL={null}
                      push={null}
                      pushLG={null}
                      pushMD={null}
                      pushSM={null}
                      pushXL={null}
                      span={12}
                      spanLG={null}
                      spanMD="auto"
                      spanSM={null}
                      spanXL={6}
                    >
                      <ReactMarkdown
                        astPlugins={Array []}
                        escapeHtml={true}
                        plugins={Array []}
                        rawSourcePos={false}
                        renderers={Object {}}
                        skipHtml={false}
                        source="Lorem ipsum dolor sit amet, consectetur adipisicing elit. Modi deserunt veritatis dolore sit ea, illum quae omnis placeat, natus est sapiente atque eaque obcaecati.

Lorem ipsum dolor sit amet, consectetur adipisicing elit. Modi deserunt veritatis dolore sit ea, illum quae omnis placeat, natus est sapiente atque eaque obcaecati."
                        sourcePos={false}
                        transformLinkUri={[Function]}
                      />
                    </Column>
                    <Column
                      pull={null}
                      pullLG={null}
                      pullMD={null}
                      pullSM={null}
                      pullXL={null}
                      push={null}
                      pushLG={null}
                      pushMD={null}
                      pushSM={null}
                      pushXL={1}
                      span={12}
                      spanLG={null}
                      spanMD={6}
                      spanSM={null}
                      spanXL={5}
                    >
                      <figure
                        className="portfolio-page__supporting-image"
                      >
                        <img
                          alt=""
                          src="http://autotomic.com/envious/israelitish?a=rhonchal&b=tetrahydro#piehouse"
                        />
                      </figure>
                    </Column>
                  </Row>
                  <hr
                    className="portfolio-page__content-divider"
                  />
                  <PortfolioCarousel
                    desktopImage="http://hyperterrestrial.com/unconspiringness/uncreeping?a=pasterer&b=hemen#timalia"
                    mobileImage="https://quadrupedan.com/inroader/ohmmeter?a=proseuche&b=provisorily#coriander"
                    tabletImage="https://subtilism.com/dermatoscopy/nombril?a=phlebolithiasis&b=blancher#downthrow"
                  />
                  <PortfolioDeviceLineup
                    desktopImage="http://hyperterrestrial.com/unconspiringness/uncreeping?a=pasterer&b=hemen#timalia"
                    mobileImage="https://quadrupedan.com/inroader/ohmmeter?a=proseuche&b=provisorily#coriander"
                    tabletImage="https://subtilism.com/dermatoscopy/nombril?a=phlebolithiasis&b=blancher#downthrow"
                  />
                  <hr
                    className="portfolio-page__content-divider"
                  />
                  <div
                    className="portfolio-page__external-link"
                  >
                    <Button
                      external={true}
                      primary={true}
                      secondary={true}
                      to="https://endocrinopathic.com/pluviometrically/phosphorylase?a=ulnocarpal&b=proreptilia#trochleariform"
                    >
                      Visit
                       
                      Scrupulum Misphrase
                    </Button>
                  </div>
                </Column>
              </Row>
            </Container>
          </PortfolioPageContent>,
        ],
        "className": "portfolio-page",
      },
      "ref": null,
      "rendered": Array [
        Object {
          "instance": null,
          "key": undefined,
          "nodeType": "function",
          "props": Object {
            "bgImage": "https://devotement.com/anticorn/pajahuello?a=rhynchophoran&b=toyer#prescience",
            "tech": Array [
              Object {
                "icon": "Glycolaldehyde",
                "name": "youngling",
              },
            ],
            "title": "Scrupulum Misphrase",
          },
          "ref": null,
          "rendered": null,
          "type": [Function],
        },
        Object {
          "instance": null,
          "key": undefined,
          "nodeType": "function",
          "props": Object {
            "children": <Container>
              <Row
                align={null}
                alignLG={null}
                alignMD={null}
                alignSM={null}
                alignXL={null}
                justify="center"
                justifyLG={null}
                justifyMD={null}
                justifySM={null}
                justifyXL={null}
              >
                <Column
                  pull={null}
                  pullLG={null}
                  pullMD={null}
                  pullSM={null}
                  pullXL={null}
                  push={null}
                  pushLG={null}
                  pushMD={null}
                  pushSM={null}
                  pushXL={null}
                  span={null}
                  spanLG={null}
                  spanMD={null}
                  spanSM={10}
                  spanXL={null}
                >
                  <Row
                    align={null}
                    alignLG="middle"
                    alignMD={null}
                    alignSM={null}
                    alignXL={null}
                    justify={null}
                    justifyLG={null}
                    justifyMD={null}
                    justifySM={null}
                    justifyXL={null}
                  >
                    <Column
                      pull={null}
                      pullLG={null}
                      pullMD={null}
                      pullSM={null}
                      pullXL={null}
                      push={null}
                      pushLG={null}
                      pushMD={null}
                      pushSM={null}
                      pushXL={null}
                      span={12}
                      spanLG={null}
                      spanMD="auto"
                      spanSM={null}
                      spanXL={6}
                    >
                      <ReactMarkdown
                        astPlugins={Array []}
                        escapeHtml={true}
                        plugins={Array []}
                        rawSourcePos={false}
                        renderers={Object {}}
                        skipHtml={false}
                        source="Lorem ipsum dolor sit amet, consectetur adipisicing elit. Modi deserunt veritatis dolore sit ea, illum quae omnis placeat, natus est sapiente atque eaque obcaecati.

Lorem ipsum dolor sit amet, consectetur adipisicing elit. Modi deserunt veritatis dolore sit ea, illum quae omnis placeat, natus est sapiente atque eaque obcaecati."
                        sourcePos={false}
                        transformLinkUri={[Function]}
                      />
                    </Column>
                    <Column
                      pull={null}
                      pullLG={null}
                      pullMD={null}
                      pullSM={null}
                      pullXL={null}
                      push={null}
                      pushLG={null}
                      pushMD={null}
                      pushSM={null}
                      pushXL={1}
                      span={12}
                      spanLG={null}
                      spanMD={6}
                      spanSM={null}
                      spanXL={5}
                    >
                      <figure
                        className="portfolio-page__supporting-image"
                      >
                        <img
                          alt=""
                          src="http://autotomic.com/envious/israelitish?a=rhonchal&b=tetrahydro#piehouse"
                        />
                      </figure>
                    </Column>
                  </Row>
                  <hr
                    className="portfolio-page__content-divider"
                  />
                  <PortfolioCarousel
                    desktopImage="http://hyperterrestrial.com/unconspiringness/uncreeping?a=pasterer&b=hemen#timalia"
                    mobileImage="https://quadrupedan.com/inroader/ohmmeter?a=proseuche&b=provisorily#coriander"
                    tabletImage="https://subtilism.com/dermatoscopy/nombril?a=phlebolithiasis&b=blancher#downthrow"
                  />
                  <PortfolioDeviceLineup
                    desktopImage="http://hyperterrestrial.com/unconspiringness/uncreeping?a=pasterer&b=hemen#timalia"
                    mobileImage="https://quadrupedan.com/inroader/ohmmeter?a=proseuche&b=provisorily#coriander"
                    tabletImage="https://subtilism.com/dermatoscopy/nombril?a=phlebolithiasis&b=blancher#downthrow"
                  />
                  <hr
                    className="portfolio-page__content-divider"
                  />
                  <div
                    className="portfolio-page__external-link"
                  >
                    <Button
                      external={true}
                      primary={true}
                      secondary={true}
                      to="https://endocrinopathic.com/pluviometrically/phosphorylase?a=ulnocarpal&b=proreptilia#trochleariform"
                    >
                      Visit
                       
                      Scrupulum Misphrase
                    </Button>
                  </div>
                </Column>
              </Row>
            </Container>,
          },
          "ref": null,
          "rendered": Object {
            "instance": null,
            "key": undefined,
            "nodeType": "function",
            "props": Object {
              "children": <Row
                align={null}
                alignLG={null}
                alignMD={null}
                alignSM={null}
                alignXL={null}
                justify="center"
                justifyLG={null}
                justifyMD={null}
                justifySM={null}
                justifyXL={null}
              >
                <Column
                  pull={null}
                  pullLG={null}
                  pullMD={null}
                  pullSM={null}
                  pullXL={null}
                  push={null}
                  pushLG={null}
                  pushMD={null}
                  pushSM={null}
                  pushXL={null}
                  span={null}
                  spanLG={null}
                  spanMD={null}
                  spanSM={10}
                  spanXL={null}
                >
                  <Row
                    align={null}
                    alignLG="middle"
                    alignMD={null}
                    alignSM={null}
                    alignXL={null}
                    justify={null}
                    justifyLG={null}
                    justifyMD={null}
                    justifySM={null}
                    justifyXL={null}
                  >
                    <Column
                      pull={null}
                      pullLG={null}
                      pullMD={null}
                      pullSM={null}
                      pullXL={null}
                      push={null}
                      pushLG={null}
                      pushMD={null}
                      pushSM={null}
                      pushXL={null}
                      span={12}
                      spanLG={null}
                      spanMD="auto"
                      spanSM={null}
                      spanXL={6}
                    >
                      <ReactMarkdown
                        astPlugins={Array []}
                        escapeHtml={true}
                        plugins={Array []}
                        rawSourcePos={false}
                        renderers={Object {}}
                        skipHtml={false}
                        source="Lorem ipsum dolor sit amet, consectetur adipisicing elit. Modi deserunt veritatis dolore sit ea, illum quae omnis placeat, natus est sapiente atque eaque obcaecati.

Lorem ipsum dolor sit amet, consectetur adipisicing elit. Modi deserunt veritatis dolore sit ea, illum quae omnis placeat, natus est sapiente atque eaque obcaecati."
                        sourcePos={false}
                        transformLinkUri={[Function]}
                      />
                    </Column>
                    <Column
                      pull={null}
                      pullLG={null}
                      pullMD={null}
                      pullSM={null}
                      pullXL={null}
                      push={null}
                      pushLG={null}
                      pushMD={null}
                      pushSM={null}
                      pushXL={1}
                      span={12}
                      spanLG={null}
                      spanMD={6}
                      spanSM={null}
                      spanXL={5}
                    >
                      <figure
                        className="portfolio-page__supporting-image"
                      >
                        <img
                          alt=""
                          src="http://autotomic.com/envious/israelitish?a=rhonchal&b=tetrahydro#piehouse"
                        />
                      </figure>
                    </Column>
                  </Row>
                  <hr
                    className="portfolio-page__content-divider"
                  />
                  <PortfolioCarousel
                    desktopImage="http://hyperterrestrial.com/unconspiringness/uncreeping?a=pasterer&b=hemen#timalia"
                    mobileImage="https://quadrupedan.com/inroader/ohmmeter?a=proseuche&b=provisorily#coriander"
                    tabletImage="https://subtilism.com/dermatoscopy/nombril?a=phlebolithiasis&b=blancher#downthrow"
                  />
                  <PortfolioDeviceLineup
                    desktopImage="http://hyperterrestrial.com/unconspiringness/uncreeping?a=pasterer&b=hemen#timalia"
                    mobileImage="https://quadrupedan.com/inroader/ohmmeter?a=proseuche&b=provisorily#coriander"
                    tabletImage="https://subtilism.com/dermatoscopy/nombril?a=phlebolithiasis&b=blancher#downthrow"
                  />
                  <hr
                    className="portfolio-page__content-divider"
                  />
                  <div
                    className="portfolio-page__external-link"
                  >
                    <Button
                      external={true}
                      primary={true}
                      secondary={true}
                      to="https://endocrinopathic.com/pluviometrically/phosphorylase?a=ulnocarpal&b=proreptilia#trochleariform"
                    >
                      Visit
                       
                      Scrupulum Misphrase
                    </Button>
                  </div>
                </Column>
              </Row>,
            },
            "ref": null,
            "rendered": Object {
              "instance": null,
              "key": undefined,
              "nodeType": "function",
              "props": Object {
                "align": null,
                "alignLG": null,
                "alignMD": null,
                "alignSM": null,
                "alignXL": null,
                "children": <Column
                  pull={null}
                  pullLG={null}
                  pullMD={null}
                  pullSM={null}
                  pullXL={null}
                  push={null}
                  pushLG={null}
                  pushMD={null}
                  pushSM={null}
                  pushXL={null}
                  span={null}
                  spanLG={null}
                  spanMD={null}
                  spanSM={10}
                  spanXL={null}
                >
                  <Row
                    align={null}
                    alignLG="middle"
                    alignMD={null}
                    alignSM={null}
                    alignXL={null}
                    justify={null}
                    justifyLG={null}
                    justifyMD={null}
                    justifySM={null}
                    justifyXL={null}
                  >
                    <Column
                      pull={null}
                      pullLG={null}
                      pullMD={null}
                      pullSM={null}
                      pullXL={null}
                      push={null}
                      pushLG={null}
                      pushMD={null}
                      pushSM={null}
                      pushXL={null}
                      span={12}
                      spanLG={null}
                      spanMD="auto"
                      spanSM={null}
                      spanXL={6}
                    >
                      <ReactMarkdown
                        astPlugins={Array []}
                        escapeHtml={true}
                        plugins={Array []}
                        rawSourcePos={false}
                        renderers={Object {}}
                        skipHtml={false}
                        source="Lorem ipsum dolor sit amet, consectetur adipisicing elit. Modi deserunt veritatis dolore sit ea, illum quae omnis placeat, natus est sapiente atque eaque obcaecati.

Lorem ipsum dolor sit amet, consectetur adipisicing elit. Modi deserunt veritatis dolore sit ea, illum quae omnis placeat, natus est sapiente atque eaque obcaecati."
                        sourcePos={false}
                        transformLinkUri={[Function]}
                      />
                    </Column>
                    <Column
                      pull={null}
                      pullLG={null}
                      pullMD={null}
                      pullSM={null}
                      pullXL={null}
                      push={null}
                      pushLG={null}
                      pushMD={null}
                      pushSM={null}
                      pushXL={1}
                      span={12}
                      spanLG={null}
                      spanMD={6}
                      spanSM={null}
                      spanXL={5}
                    >
                      <figure
                        className="portfolio-page__supporting-image"
                      >
                        <img
                          alt=""
                          src="http://autotomic.com/envious/israelitish?a=rhonchal&b=tetrahydro#piehouse"
                        />
                      </figure>
                    </Column>
                  </Row>
                  <hr
                    className="portfolio-page__content-divider"
                  />
                  <PortfolioCarousel
                    desktopImage="http://hyperterrestrial.com/unconspiringness/uncreeping?a=pasterer&b=hemen#timalia"
                    mobileImage="https://quadrupedan.com/inroader/ohmmeter?a=proseuche&b=provisorily#coriander"
                    tabletImage="https://subtilism.com/dermatoscopy/nombril?a=phlebolithiasis&b=blancher#downthrow"
                  />
                  <PortfolioDeviceLineup
                    desktopImage="http://hyperterrestrial.com/unconspiringness/uncreeping?a=pasterer&b=hemen#timalia"
                    mobileImage="https://quadrupedan.com/inroader/ohmmeter?a=proseuche&b=provisorily#coriander"
                    tabletImage="https://subtilism.com/dermatoscopy/nombril?a=phlebolithiasis&b=blancher#downthrow"
                  />
                  <hr
                    className="portfolio-page__content-divider"
                  />
                  <div
                    className="portfolio-page__external-link"
                  >
                    <Button
                      external={true}
                      primary={true}
                      secondary={true}
                      to="https://endocrinopathic.com/pluviometrically/phosphorylase?a=ulnocarpal&b=proreptilia#trochleariform"
                    >
                      Visit
                       
                      Scrupulum Misphrase
                    </Button>
                  </div>
                </Column>,
                "justify": "center",
                "justifyLG": null,
                "justifyMD": null,
                "justifySM": null,
                "justifyXL": null,
              },
              "ref": null,
              "rendered": Object {
                "instance": null,
                "key": undefined,
                "nodeType": "function",
                "props": Object {
                  "children": Array [
                    <Row
                      align={null}
                      alignLG="middle"
                      alignMD={null}
                      alignSM={null}
                      alignXL={null}
                      justify={null}
                      justifyLG={null}
                      justifyMD={null}
                      justifySM={null}
                      justifyXL={null}
                    >
                      <Column
                        pull={null}
                        pullLG={null}
                        pullMD={null}
                        pullSM={null}
                        pullXL={null}
                        push={null}
                        pushLG={null}
                        pushMD={null}
                        pushSM={null}
                        pushXL={null}
                        span={12}
                        spanLG={null}
                        spanMD="auto"
                        spanSM={null}
                        spanXL={6}
                      >
                        <ReactMarkdown
                          astPlugins={Array []}
                          escapeHtml={true}
                          plugins={Array []}
                          rawSourcePos={false}
                          renderers={Object {}}
                          skipHtml={false}
                          source="Lorem ipsum dolor sit amet, consectetur adipisicing elit. Modi deserunt veritatis dolore sit ea, illum quae omnis placeat, natus est sapiente atque eaque obcaecati.

Lorem ipsum dolor sit amet, consectetur adipisicing elit. Modi deserunt veritatis dolore sit ea, illum quae omnis placeat, natus est sapiente atque eaque obcaecati."
                          sourcePos={false}
                          transformLinkUri={[Function]}
                        />
                      </Column>
                      <Column
                        pull={null}
                        pullLG={null}
                        pullMD={null}
                        pullSM={null}
                        pullXL={null}
                        push={null}
                        pushLG={null}
                        pushMD={null}
                        pushSM={null}
                        pushXL={1}
                        span={12}
                        spanLG={null}
                        spanMD={6}
                        spanSM={null}
                        spanXL={5}
                      >
                        <figure
                          className="portfolio-page__supporting-image"
                        >
                          <img
                            alt=""
                            src="http://autotomic.com/envious/israelitish?a=rhonchal&b=tetrahydro#piehouse"
                          />
                        </figure>
                      </Column>
                    </Row>,
                    <hr
                      className="portfolio-page__content-divider"
                    />,
                    <PortfolioCarousel
                      desktopImage="http://hyperterrestrial.com/unconspiringness/uncreeping?a=pasterer&b=hemen#timalia"
                      mobileImage="https://quadrupedan.com/inroader/ohmmeter?a=proseuche&b=provisorily#coriander"
                      tabletImage="https://subtilism.com/dermatoscopy/nombril?a=phlebolithiasis&b=blancher#downthrow"
                    />,
                    <PortfolioDeviceLineup
                      desktopImage="http://hyperterrestrial.com/unconspiringness/uncreeping?a=pasterer&b=hemen#timalia"
                      mobileImage="https://quadrupedan.com/inroader/ohmmeter?a=proseuche&b=provisorily#coriander"
                      tabletImage="https://subtilism.com/dermatoscopy/nombril?a=phlebolithiasis&b=blancher#downthrow"
                    />,
                    <hr
                      className="portfolio-page__content-divider"
                    />,
                    <div
                      className="portfolio-page__external-link"
                    >
                      <Button
                        external={true}
                        primary={true}
                        secondary={true}
                        to="https://endocrinopathic.com/pluviometrically/phosphorylase?a=ulnocarpal&b=proreptilia#trochleariform"
                      >
                        Visit
                         
                        Scrupulum Misphrase
                      </Button>
                    </div>,
                  ],
                  "pull": null,
                  "pullLG": null,
                  "pullMD": null,
                  "pullSM": null,
                  "pullXL": null,
                  "push": null,
                  "pushLG": null,
                  "pushMD": null,
                  "pushSM": null,
                  "pushXL": null,
                  "span": null,
                  "spanLG": null,
                  "spanMD": null,
                  "spanSM": 10,
                  "spanXL": null,
                },
                "ref": null,
                "rendered": Array [
                  Object {
                    "instance": null,
                    "key": undefined,
                    "nodeType": "function",
                    "props": Object {
                      "align": null,
                      "alignLG": "middle",
                      "alignMD": null,
                      "alignSM": null,
                      "alignXL": null,
                      "children": Array [
                        <Column
                          pull={null}
                          pullLG={null}
                          pullMD={null}
                          pullSM={null}
                          pullXL={null}
                          push={null}
                          pushLG={null}
                          pushMD={null}
                          pushSM={null}
                          pushXL={null}
                          span={12}
                          spanLG={null}
                          spanMD="auto"
                          spanSM={null}
                          spanXL={6}
                        >
                          <ReactMarkdown
                            astPlugins={Array []}
                            escapeHtml={true}
                            plugins={Array []}
                            rawSourcePos={false}
                            renderers={Object {}}
                            skipHtml={false}
                            source="Lorem ipsum dolor sit amet, consectetur adipisicing elit. Modi deserunt veritatis dolore sit ea, illum quae omnis placeat, natus est sapiente atque eaque obcaecati.

Lorem ipsum dolor sit amet, consectetur adipisicing elit. Modi deserunt veritatis dolore sit ea, illum quae omnis placeat, natus est sapiente atque eaque obcaecati."
                            sourcePos={false}
                            transformLinkUri={[Function]}
                          />
                        </Column>,
                        <Column
                          pull={null}
                          pullLG={null}
                          pullMD={null}
                          pullSM={null}
                          pullXL={null}
                          push={null}
                          pushLG={null}
                          pushMD={null}
                          pushSM={null}
                          pushXL={1}
                          span={12}
                          spanLG={null}
                          spanMD={6}
                          spanSM={null}
                          spanXL={5}
                        >
                          <figure
                            className="portfolio-page__supporting-image"
                          >
                            <img
                              alt=""
                              src="http://autotomic.com/envious/israelitish?a=rhonchal&b=tetrahydro#piehouse"
                            />
                          </figure>
                        </Column>,
                      ],
                      "justify": null,
                      "justifyLG": null,
                      "justifyMD": null,
                      "justifySM": null,
                      "justifyXL": null,
                    },
                    "ref": null,
                    "rendered": Array [
                      Object {
                        "instance": null,
                        "key": undefined,
                        "nodeType": "function",
                        "props": Object {
                          "children": <ReactMarkdown
                            astPlugins={Array []}
                            escapeHtml={true}
                            plugins={Array []}
                            rawSourcePos={false}
                            renderers={Object {}}
                            skipHtml={false}
                            source="Lorem ipsum dolor sit amet, consectetur adipisicing elit. Modi deserunt veritatis dolore sit ea, illum quae omnis placeat, natus est sapiente atque eaque obcaecati.

Lorem ipsum dolor sit amet, consectetur adipisicing elit. Modi deserunt veritatis dolore sit ea, illum quae omnis placeat, natus est sapiente atque eaque obcaecati."
                            sourcePos={false}
                            transformLinkUri={[Function]}
                          />,
                          "pull": null,
                          "pullLG": null,
                          "pullMD": null,
                          "pullSM": null,
                          "pullXL": null,
                          "push": null,
                          "pushLG": null,
                          "pushMD": null,
                          "pushSM": null,
                          "pushXL": null,
                          "span": 12,
                          "spanLG": null,
                          "spanMD": "auto",
                          "spanSM": null,
                          "spanXL": 6,
                        },
                        "ref": null,
                        "rendered": Object {
                          "instance": null,
                          "key": undefined,
                          "nodeType": "function",
                          "props": Object {
                            "astPlugins": Array [],
                            "escapeHtml": true,
                            "plugins": Array [],
                            "rawSourcePos": false,
                            "renderers": Object {},
                            "skipHtml": false,
                            "source": "Lorem ipsum dolor sit amet, consectetur adipisicing elit. Modi deserunt veritatis dolore sit ea, illum quae omnis placeat, natus est sapiente atque eaque obcaecati.

Lorem ipsum dolor sit amet, consectetur adipisicing elit. Modi deserunt veritatis dolore sit ea, illum quae omnis placeat, natus est sapiente atque eaque obcaecati.",
                            "sourcePos": false,
                            "transformLinkUri": [Function],
                          },
                          "ref": null,
                          "rendered": null,
                          "type": [Function],
                        },
                        "type": [Function],
                      },
                      Object {
                        "instance": null,
                        "key": undefined,
                        "nodeType": "function",
                        "props": Object {
                          "children": <figure
                            className="portfolio-page__supporting-image"
                          >
                            <img
                              alt=""
                              src="http://autotomic.com/envious/israelitish?a=rhonchal&b=tetrahydro#piehouse"
                            />
                          </figure>,
                          "pull": null,
                          "pullLG": null,
                          "pullMD": null,
                          "pullSM": null,
                          "pullXL": null,
                          "push": null,
                          "pushLG": null,
                          "pushMD": null,
                          "pushSM": null,
                          "pushXL": 1,
                          "span": 12,
                          "spanLG": null,
                          "spanMD": 6,
                          "spanSM": null,
                          "spanXL": 5,
                        },
                        "ref": null,
                        "rendered": Object {
                          "instance": null,
                          "key": undefined,
                          "nodeType": "host",
                          "props": Object {
                            "children": <img
                              alt=""
                              src="http://autotomic.com/envious/israelitish?a=rhonchal&b=tetrahydro#piehouse"
                            />,
                            "className": "portfolio-page__supporting-image",
                          },
                          "ref": null,
                          "rendered": Object {
                            "instance": null,
                            "key": undefined,
                            "nodeType": "host",
                            "props": Object {
                              "alt": "",
                              "src": "http://autotomic.com/envious/israelitish?a=rhonchal&b=tetrahydro#piehouse",
                            },
                            "ref": null,
                            "rendered": null,
                            "type": "img",
                          },
                          "type": "figure",
                        },
                        "type": [Function],
                      },
                    ],
                    "type": [Function],
                  },
                  Object {
                    "instance": null,
                    "key": undefined,
                    "nodeType": "host",
                    "props": Object {
                      "className": "portfolio-page__content-divider",
                    },
                    "ref": null,
                    "rendered": null,
                    "type": "hr",
                  },
                  Object {
                    "instance": null,
                    "key": undefined,
                    "nodeType": "function",
                    "props": Object {
                      "desktopImage": "http://hyperterrestrial.com/unconspiringness/uncreeping?a=pasterer&b=hemen#timalia",
                      "mobileImage": "https://quadrupedan.com/inroader/ohmmeter?a=proseuche&b=provisorily#coriander",
                      "tabletImage": "https://subtilism.com/dermatoscopy/nombril?a=phlebolithiasis&b=blancher#downthrow",
                    },
                    "ref": null,
                    "rendered": null,
                    "type": [Function],
                  },
                  Object {
                    "instance": null,
                    "key": undefined,
                    "nodeType": "function",
                    "props": Object {
                      "desktopImage": "http://hyperterrestrial.com/unconspiringness/uncreeping?a=pasterer&b=hemen#timalia",
                      "mobileImage": "https://quadrupedan.com/inroader/ohmmeter?a=proseuche&b=provisorily#coriander",
                      "tabletImage": "https://subtilism.com/dermatoscopy/nombril?a=phlebolithiasis&b=blancher#downthrow",
                    },
                    "ref": null,
                    "rendered": null,
                    "type": [Function],
                  },
                  Object {
                    "instance": null,
                    "key": undefined,
                    "nodeType": "host",
                    "props": Object {
                      "className": "portfolio-page__content-divider",
                    },
                    "ref": null,
                    "rendered": null,
                    "type": "hr",
                  },
                  Object {
                    "instance": null,
                    "key": undefined,
                    "nodeType": "host",
                    "props": Object {
                      "children": <Button
                        external={true}
                        primary={true}
                        secondary={true}
                        to="https://endocrinopathic.com/pluviometrically/phosphorylase?a=ulnocarpal&b=proreptilia#trochleariform"
                      >
                        Visit
                         
                        Scrupulum Misphrase
                      </Button>,
                      "className": "portfolio-page__external-link",
                    },
                    "ref": null,
                    "rendered": Object {
                      "instance": null,
                      "key": undefined,
                      "nodeType": "function",
                      "props": Object {
                        "children": Array [
                          "Visit",
                          " ",
                          "Scrupulum Misphrase",
                        ],
                        "external": true,
                        "primary": true,
                        "secondary": true,
                        "to": "https://endocrinopathic.com/pluviometrically/phosphorylase?a=ulnocarpal&b=proreptilia#trochleariform",
                      },
                      "ref": null,
                      "rendered": Array [
                        "Visit",
                        " ",
                        "Scrupulum Misphrase",
                      ],
                      "type": [Function],
                    },
                    "type": "div",
                  },
                ],
                "type": [Function],
              },
              "type": [Function],
            },
            "type": [Function],
          },
          "type": [Function],
        },
      ],
      "type": "div",
    },
    "type": [Function],
  },
  Symbol(enzyme.__nodes__): Array [
    Object {
      "instance": null,
      "key": undefined,
      "nodeType": "function",
      "props": Object {
        "children": <div
          className="portfolio-page"
        >
          <PortfolioPageHeader
            bgImage="https://devotement.com/anticorn/pajahuello?a=rhynchophoran&b=toyer#prescience"
            tech={
              Array [
                Object {
                  "icon": "Glycolaldehyde",
                  "name": "youngling",
                },
              ]
            }
            title="Scrupulum Misphrase"
          />
          <PortfolioPageContent>
            <Container>
              <Row
                align={null}
                alignLG={null}
                alignMD={null}
                alignSM={null}
                alignXL={null}
                justify="center"
                justifyLG={null}
                justifyMD={null}
                justifySM={null}
                justifyXL={null}
              >
                <Column
                  pull={null}
                  pullLG={null}
                  pullMD={null}
                  pullSM={null}
                  pullXL={null}
                  push={null}
                  pushLG={null}
                  pushMD={null}
                  pushSM={null}
                  pushXL={null}
                  span={null}
                  spanLG={null}
                  spanMD={null}
                  spanSM={10}
                  spanXL={null}
                >
                  <Row
                    align={null}
                    alignLG="middle"
                    alignMD={null}
                    alignSM={null}
                    alignXL={null}
                    justify={null}
                    justifyLG={null}
                    justifyMD={null}
                    justifySM={null}
                    justifyXL={null}
                  >
                    <Column
                      pull={null}
                      pullLG={null}
                      pullMD={null}
                      pullSM={null}
                      pullXL={null}
                      push={null}
                      pushLG={null}
                      pushMD={null}
                      pushSM={null}
                      pushXL={null}
                      span={12}
                      spanLG={null}
                      spanMD="auto"
                      spanSM={null}
                      spanXL={6}
                    >
                      <ReactMarkdown
                        astPlugins={Array []}
                        escapeHtml={true}
                        plugins={Array []}
                        rawSourcePos={false}
                        renderers={Object {}}
                        skipHtml={false}
                        source="Lorem ipsum dolor sit amet, consectetur adipisicing elit. Modi deserunt veritatis dolore sit ea, illum quae omnis placeat, natus est sapiente atque eaque obcaecati.

Lorem ipsum dolor sit amet, consectetur adipisicing elit. Modi deserunt veritatis dolore sit ea, illum quae omnis placeat, natus est sapiente atque eaque obcaecati."
                        sourcePos={false}
                        transformLinkUri={[Function]}
                      />
                    </Column>
                    <Column
                      pull={null}
                      pullLG={null}
                      pullMD={null}
                      pullSM={null}
                      pullXL={null}
                      push={null}
                      pushLG={null}
                      pushMD={null}
                      pushSM={null}
                      pushXL={1}
                      span={12}
                      spanLG={null}
                      spanMD={6}
                      spanSM={null}
                      spanXL={5}
                    >
                      <figure
                        className="portfolio-page__supporting-image"
                      >
                        <img
                          alt=""
                          src="http://autotomic.com/envious/israelitish?a=rhonchal&b=tetrahydro#piehouse"
                        />
                      </figure>
                    </Column>
                  </Row>
                  <hr
                    className="portfolio-page__content-divider"
                  />
                  <PortfolioCarousel
                    desktopImage="http://hyperterrestrial.com/unconspiringness/uncreeping?a=pasterer&b=hemen#timalia"
                    mobileImage="https://quadrupedan.com/inroader/ohmmeter?a=proseuche&b=provisorily#coriander"
                    tabletImage="https://subtilism.com/dermatoscopy/nombril?a=phlebolithiasis&b=blancher#downthrow"
                  />
                  <PortfolioDeviceLineup
                    desktopImage="http://hyperterrestrial.com/unconspiringness/uncreeping?a=pasterer&b=hemen#timalia"
                    mobileImage="https://quadrupedan.com/inroader/ohmmeter?a=proseuche&b=provisorily#coriander"
                    tabletImage="https://subtilism.com/dermatoscopy/nombril?a=phlebolithiasis&b=blancher#downthrow"
                  />
                  <hr
                    className="portfolio-page__content-divider"
                  />
                  <div
                    className="portfolio-page__external-link"
                  >
                    <Button
                      external={true}
                      primary={true}
                      secondary={true}
                      to="https://endocrinopathic.com/pluviometrically/phosphorylase?a=ulnocarpal&b=proreptilia#trochleariform"
                    >
                      Visit
                       
                      Scrupulum Misphrase
                    </Button>
                  </div>
                </Column>
              </Row>
            </Container>
          </PortfolioPageContent>
        </div>,
      },
      "ref": null,
      "rendered": Object {
        "instance": null,
        "key": undefined,
        "nodeType": "host",
        "props": Object {
          "children": Array [
            <PortfolioPageHeader
              bgImage="https://devotement.com/anticorn/pajahuello?a=rhynchophoran&b=toyer#prescience"
              tech={
                Array [
                  Object {
                    "icon": "Glycolaldehyde",
                    "name": "youngling",
                  },
                ]
              }
              title="Scrupulum Misphrase"
            />,
            <PortfolioPageContent>
              <Container>
                <Row
                  align={null}
                  alignLG={null}
                  alignMD={null}
                  alignSM={null}
                  alignXL={null}
                  justify="center"
                  justifyLG={null}
                  justifyMD={null}
                  justifySM={null}
                  justifyXL={null}
                >
                  <Column
                    pull={null}
                    pullLG={null}
                    pullMD={null}
                    pullSM={null}
                    pullXL={null}
                    push={null}
                    pushLG={null}
                    pushMD={null}
                    pushSM={null}
                    pushXL={null}
                    span={null}
                    spanLG={null}
                    spanMD={null}
                    spanSM={10}
                    spanXL={null}
                  >
                    <Row
                      align={null}
                      alignLG="middle"
                      alignMD={null}
                      alignSM={null}
                      alignXL={null}
                      justify={null}
                      justifyLG={null}
                      justifyMD={null}
                      justifySM={null}
                      justifyXL={null}
                    >
                      <Column
                        pull={null}
                        pullLG={null}
                        pullMD={null}
                        pullSM={null}
                        pullXL={null}
                        push={null}
                        pushLG={null}
                        pushMD={null}
                        pushSM={null}
                        pushXL={null}
                        span={12}
                        spanLG={null}
                        spanMD="auto"
                        spanSM={null}
                        spanXL={6}
                      >
                        <ReactMarkdown
                          astPlugins={Array []}
                          escapeHtml={true}
                          plugins={Array []}
                          rawSourcePos={false}
                          renderers={Object {}}
                          skipHtml={false}
                          source="Lorem ipsum dolor sit amet, consectetur adipisicing elit. Modi deserunt veritatis dolore sit ea, illum quae omnis placeat, natus est sapiente atque eaque obcaecati.

Lorem ipsum dolor sit amet, consectetur adipisicing elit. Modi deserunt veritatis dolore sit ea, illum quae omnis placeat, natus est sapiente atque eaque obcaecati."
                          sourcePos={false}
                          transformLinkUri={[Function]}
                        />
                      </Column>
                      <Column
                        pull={null}
                        pullLG={null}
                        pullMD={null}
                        pullSM={null}
                        pullXL={null}
                        push={null}
                        pushLG={null}
                        pushMD={null}
                        pushSM={null}
                        pushXL={1}
                        span={12}
                        spanLG={null}
                        spanMD={6}
                        spanSM={null}
                        spanXL={5}
                      >
                        <figure
                          className="portfolio-page__supporting-image"
                        >
                          <img
                            alt=""
                            src="http://autotomic.com/envious/israelitish?a=rhonchal&b=tetrahydro#piehouse"
                          />
                        </figure>
                      </Column>
                    </Row>
                    <hr
                      className="portfolio-page__content-divider"
                    />
                    <PortfolioCarousel
                      desktopImage="http://hyperterrestrial.com/unconspiringness/uncreeping?a=pasterer&b=hemen#timalia"
                      mobileImage="https://quadrupedan.com/inroader/ohmmeter?a=proseuche&b=provisorily#coriander"
                      tabletImage="https://subtilism.com/dermatoscopy/nombril?a=phlebolithiasis&b=blancher#downthrow"
                    />
                    <PortfolioDeviceLineup
                      desktopImage="http://hyperterrestrial.com/unconspiringness/uncreeping?a=pasterer&b=hemen#timalia"
                      mobileImage="https://quadrupedan.com/inroader/ohmmeter?a=proseuche&b=provisorily#coriander"
                      tabletImage="https://subtilism.com/dermatoscopy/nombril?a=phlebolithiasis&b=blancher#downthrow"
                    />
                    <hr
                      className="portfolio-page__content-divider"
                    />
                    <div
                      className="portfolio-page__external-link"
                    >
                      <Button
                        external={true}
                        primary={true}
                        secondary={true}
                        to="https://endocrinopathic.com/pluviometrically/phosphorylase?a=ulnocarpal&b=proreptilia#trochleariform"
                      >
                        Visit
                         
                        Scrupulum Misphrase
                      </Button>
                    </div>
                  </Column>
                </Row>
              </Container>
            </PortfolioPageContent>,
          ],
          "className": "portfolio-page",
        },
        "ref": null,
        "rendered": Array [
          Object {
            "instance": null,
            "key": undefined,
            "nodeType": "function",
            "props": Object {
              "bgImage": "https://devotement.com/anticorn/pajahuello?a=rhynchophoran&b=toyer#prescience",
              "tech": Array [
                Object {
                  "icon": "Glycolaldehyde",
                  "name": "youngling",
                },
              ],
              "title": "Scrupulum Misphrase",
            },
            "ref": null,
            "rendered": null,
            "type": [Function],
          },
          Object {
            "instance": null,
            "key": undefined,
            "nodeType": "function",
            "props": Object {
              "children": <Container>
                <Row
                  align={null}
                  alignLG={null}
                  alignMD={null}
                  alignSM={null}
                  alignXL={null}
                  justify="center"
                  justifyLG={null}
                  justifyMD={null}
                  justifySM={null}
                  justifyXL={null}
                >
                  <Column
                    pull={null}
                    pullLG={null}
                    pullMD={null}
                    pullSM={null}
                    pullXL={null}
                    push={null}
                    pushLG={null}
                    pushMD={null}
                    pushSM={null}
                    pushXL={null}
                    span={null}
                    spanLG={null}
                    spanMD={null}
                    spanSM={10}
                    spanXL={null}
                  >
                    <Row
                      align={null}
                      alignLG="middle"
                      alignMD={null}
                      alignSM={null}
                      alignXL={null}
                      justify={null}
                      justifyLG={null}
                      justifyMD={null}
                      justifySM={null}
                      justifyXL={null}
                    >
                      <Column
                        pull={null}
                        pullLG={null}
                        pullMD={null}
                        pullSM={null}
                        pullXL={null}
                        push={null}
                        pushLG={null}
                        pushMD={null}
                        pushSM={null}
                        pushXL={null}
                        span={12}
                        spanLG={null}
                        spanMD="auto"
                        spanSM={null}
                        spanXL={6}
                      >
                        <ReactMarkdown
                          astPlugins={Array []}
                          escapeHtml={true}
                          plugins={Array []}
                          rawSourcePos={false}
                          renderers={Object {}}
                          skipHtml={false}
                          source="Lorem ipsum dolor sit amet, consectetur adipisicing elit. Modi deserunt veritatis dolore sit ea, illum quae omnis placeat, natus est sapiente atque eaque obcaecati.

Lorem ipsum dolor sit amet, consectetur adipisicing elit. Modi deserunt veritatis dolore sit ea, illum quae omnis placeat, natus est sapiente atque eaque obcaecati."
                          sourcePos={false}
                          transformLinkUri={[Function]}
                        />
                      </Column>
                      <Column
                        pull={null}
                        pullLG={null}
                        pullMD={null}
                        pullSM={null}
                        pullXL={null}
                        push={null}
                        pushLG={null}
                        pushMD={null}
                        pushSM={null}
                        pushXL={1}
                        span={12}
                        spanLG={null}
                        spanMD={6}
                        spanSM={null}
                        spanXL={5}
                      >
                        <figure
                          className="portfolio-page__supporting-image"
                        >
                          <img
                            alt=""
                            src="http://autotomic.com/envious/israelitish?a=rhonchal&b=tetrahydro#piehouse"
                          />
                        </figure>
                      </Column>
                    </Row>
                    <hr
                      className="portfolio-page__content-divider"
                    />
                    <PortfolioCarousel
                      desktopImage="http://hyperterrestrial.com/unconspiringness/uncreeping?a=pasterer&b=hemen#timalia"
                      mobileImage="https://quadrupedan.com/inroader/ohmmeter?a=proseuche&b=provisorily#coriander"
                      tabletImage="https://subtilism.com/dermatoscopy/nombril?a=phlebolithiasis&b=blancher#downthrow"
                    />
                    <PortfolioDeviceLineup
                      desktopImage="http://hyperterrestrial.com/unconspiringness/uncreeping?a=pasterer&b=hemen#timalia"
                      mobileImage="https://quadrupedan.com/inroader/ohmmeter?a=proseuche&b=provisorily#coriander"
                      tabletImage="https://subtilism.com/dermatoscopy/nombril?a=phlebolithiasis&b=blancher#downthrow"
                    />
                    <hr
                      className="portfolio-page__content-divider"
                    />
                    <div
                      className="portfolio-page__external-link"
                    >
                      <Button
                        external={true}
                        primary={true}
                        secondary={true}
                        to="https://endocrinopathic.com/pluviometrically/phosphorylase?a=ulnocarpal&b=proreptilia#trochleariform"
                      >
                        Visit
                         
                        Scrupulum Misphrase
                      </Button>
                    </div>
                  </Column>
                </Row>
              </Container>,
            },
            "ref": null,
            "rendered": Object {
              "instance": null,
              "key": undefined,
              "nodeType": "function",
              "props": Object {
                "children": <Row
                  align={null}
                  alignLG={null}
                  alignMD={null}
                  alignSM={null}
                  alignXL={null}
                  justify="center"
                  justifyLG={null}
                  justifyMD={null}
                  justifySM={null}
                  justifyXL={null}
                >
                  <Column
                    pull={null}
                    pullLG={null}
                    pullMD={null}
                    pullSM={null}
                    pullXL={null}
                    push={null}
                    pushLG={null}
                    pushMD={null}
                    pushSM={null}
                    pushXL={null}
                    span={null}
                    spanLG={null}
                    spanMD={null}
                    spanSM={10}
                    spanXL={null}
                  >
                    <Row
                      align={null}
                      alignLG="middle"
                      alignMD={null}
                      alignSM={null}
                      alignXL={null}
                      justify={null}
                      justifyLG={null}
                      justifyMD={null}
                      justifySM={null}
                      justifyXL={null}
                    >
                      <Column
                        pull={null}
                        pullLG={null}
                        pullMD={null}
                        pullSM={null}
                        pullXL={null}
                        push={null}
                        pushLG={null}
                        pushMD={null}
                        pushSM={null}
                        pushXL={null}
                        span={12}
                        spanLG={null}
                        spanMD="auto"
                        spanSM={null}
                        spanXL={6}
                      >
                        <ReactMarkdown
                          astPlugins={Array []}
                          escapeHtml={true}
                          plugins={Array []}
                          rawSourcePos={false}
                          renderers={Object {}}
                          skipHtml={false}
                          source="Lorem ipsum dolor sit amet, consectetur adipisicing elit. Modi deserunt veritatis dolore sit ea, illum quae omnis placeat, natus est sapiente atque eaque obcaecati.

Lorem ipsum dolor sit amet, consectetur adipisicing elit. Modi deserunt veritatis dolore sit ea, illum quae omnis placeat, natus est sapiente atque eaque obcaecati."
                          sourcePos={false}
                          transformLinkUri={[Function]}
                        />
                      </Column>
                      <Column
                        pull={null}
                        pullLG={null}
                        pullMD={null}
                        pullSM={null}
                        pullXL={null}
                        push={null}
                        pushLG={null}
                        pushMD={null}
                        pushSM={null}
                        pushXL={1}
                        span={12}
                        spanLG={null}
                        spanMD={6}
                        spanSM={null}
                        spanXL={5}
                      >
                        <figure
                          className="portfolio-page__supporting-image"
                        >
                          <img
                            alt=""
                            src="http://autotomic.com/envious/israelitish?a=rhonchal&b=tetrahydro#piehouse"
                          />
                        </figure>
                      </Column>
                    </Row>
                    <hr
                      className="portfolio-page__content-divider"
                    />
                    <PortfolioCarousel
                      desktopImage="http://hyperterrestrial.com/unconspiringness/uncreeping?a=pasterer&b=hemen#timalia"
                      mobileImage="https://quadrupedan.com/inroader/ohmmeter?a=proseuche&b=provisorily#coriander"
                      tabletImage="https://subtilism.com/dermatoscopy/nombril?a=phlebolithiasis&b=blancher#downthrow"
                    />
                    <PortfolioDeviceLineup
                      desktopImage="http://hyperterrestrial.com/unconspiringness/uncreeping?a=pasterer&b=hemen#timalia"
                      mobileImage="https://quadrupedan.com/inroader/ohmmeter?a=proseuche&b=provisorily#coriander"
                      tabletImage="https://subtilism.com/dermatoscopy/nombril?a=phlebolithiasis&b=blancher#downthrow"
                    />
                    <hr
                      className="portfolio-page__content-divider"
                    />
                    <div
                      className="portfolio-page__external-link"
                    >
                      <Button
                        external={true}
                        primary={true}
                        secondary={true}
                        to="https://endocrinopathic.com/pluviometrically/phosphorylase?a=ulnocarpal&b=proreptilia#trochleariform"
                      >
                        Visit
                         
                        Scrupulum Misphrase
                      </Button>
                    </div>
                  </Column>
                </Row>,
              },
              "ref": null,
              "rendered": Object {
                "instance": null,
                "key": undefined,
                "nodeType": "function",
                "props": Object {
                  "align": null,
                  "alignLG": null,
                  "alignMD": null,
                  "alignSM": null,
                  "alignXL": null,
                  "children": <Column
                    pull={null}
                    pullLG={null}
                    pullMD={null}
                    pullSM={null}
                    pullXL={null}
                    push={null}
                    pushLG={null}
                    pushMD={null}
                    pushSM={null}
                    pushXL={null}
                    span={null}
                    spanLG={null}
                    spanMD={null}
                    spanSM={10}
                    spanXL={null}
                  >
                    <Row
                      align={null}
                      alignLG="middle"
                      alignMD={null}
                      alignSM={null}
                      alignXL={null}
                      justify={null}
                      justifyLG={null}
                      justifyMD={null}
                      justifySM={null}
                      justifyXL={null}
                    >
                      <Column
                        pull={null}
                        pullLG={null}
                        pullMD={null}
                        pullSM={null}
                        pullXL={null}
                        push={null}
                        pushLG={null}
                        pushMD={null}
                        pushSM={null}
                        pushXL={null}
                        span={12}
                        spanLG={null}
                        spanMD="auto"
                        spanSM={null}
                        spanXL={6}
                      >
                        <ReactMarkdown
                          astPlugins={Array []}
                          escapeHtml={true}
                          plugins={Array []}
                          rawSourcePos={false}
                          renderers={Object {}}
                          skipHtml={false}
                          source="Lorem ipsum dolor sit amet, consectetur adipisicing elit. Modi deserunt veritatis dolore sit ea, illum quae omnis placeat, natus est sapiente atque eaque obcaecati.

Lorem ipsum dolor sit amet, consectetur adipisicing elit. Modi deserunt veritatis dolore sit ea, illum quae omnis placeat, natus est sapiente atque eaque obcaecati."
                          sourcePos={false}
                          transformLinkUri={[Function]}
                        />
                      </Column>
                      <Column
                        pull={null}
                        pullLG={null}
                        pullMD={null}
                        pullSM={null}
                        pullXL={null}
                        push={null}
                        pushLG={null}
                        pushMD={null}
                        pushSM={null}
                        pushXL={1}
                        span={12}
                        spanLG={null}
                        spanMD={6}
                        spanSM={null}
                        spanXL={5}
                      >
                        <figure
                          className="portfolio-page__supporting-image"
                        >
                          <img
                            alt=""
                            src="http://autotomic.com/envious/israelitish?a=rhonchal&b=tetrahydro#piehouse"
                          />
                        </figure>
                      </Column>
                    </Row>
                    <hr
                      className="portfolio-page__content-divider"
                    />
                    <PortfolioCarousel
                      desktopImage="http://hyperterrestrial.com/unconspiringness/uncreeping?a=pasterer&b=hemen#timalia"
                      mobileImage="https://quadrupedan.com/inroader/ohmmeter?a=proseuche&b=provisorily#coriander"
                      tabletImage="https://subtilism.com/dermatoscopy/nombril?a=phlebolithiasis&b=blancher#downthrow"
                    />
                    <PortfolioDeviceLineup
                      desktopImage="http://hyperterrestrial.com/unconspiringness/uncreeping?a=pasterer&b=hemen#timalia"
                      mobileImage="https://quadrupedan.com/inroader/ohmmeter?a=proseuche&b=provisorily#coriander"
                      tabletImage="https://subtilism.com/dermatoscopy/nombril?a=phlebolithiasis&b=blancher#downthrow"
                    />
                    <hr
                      className="portfolio-page__content-divider"
                    />
                    <div
                      className="portfolio-page__external-link"
                    >
                      <Button
                        external={true}
                        primary={true}
                        secondary={true}
                        to="https://endocrinopathic.com/pluviometrically/phosphorylase?a=ulnocarpal&b=proreptilia#trochleariform"
                      >
                        Visit
                         
                        Scrupulum Misphrase
                      </Button>
                    </div>
                  </Column>,
                  "justify": "center",
                  "justifyLG": null,
                  "justifyMD": null,
                  "justifySM": null,
                  "justifyXL": null,
                },
                "ref": null,
                "rendered": Object {
                  "instance": null,
                  "key": undefined,
                  "nodeType": "function",
                  "props": Object {
                    "children": Array [
                      <Row
                        align={null}
                        alignLG="middle"
                        alignMD={null}
                        alignSM={null}
                        alignXL={null}
                        justify={null}
                        justifyLG={null}
                        justifyMD={null}
                        justifySM={null}
                        justifyXL={null}
                      >
                        <Column
                          pull={null}
                          pullLG={null}
                          pullMD={null}
                          pullSM={null}
                          pullXL={null}
                          push={null}
                          pushLG={null}
                          pushMD={null}
                          pushSM={null}
                          pushXL={null}
                          span={12}
                          spanLG={null}
                          spanMD="auto"
                          spanSM={null}
                          spanXL={6}
                        >
                          <ReactMarkdown
                            astPlugins={Array []}
                            escapeHtml={true}
                            plugins={Array []}
                            rawSourcePos={false}
                            renderers={Object {}}
                            skipHtml={false}
                            source="Lorem ipsum dolor sit amet, consectetur adipisicing elit. Modi deserunt veritatis dolore sit ea, illum quae omnis placeat, natus est sapiente atque eaque obcaecati.

Lorem ipsum dolor sit amet, consectetur adipisicing elit. Modi deserunt veritatis dolore sit ea, illum quae omnis placeat, natus est sapiente atque eaque obcaecati."
                            sourcePos={false}
                            transformLinkUri={[Function]}
                          />
                        </Column>
                        <Column
                          pull={null}
                          pullLG={null}
                          pullMD={null}
                          pullSM={null}
                          pullXL={null}
                          push={null}
                          pushLG={null}
                          pushMD={null}
                          pushSM={null}
                          pushXL={1}
                          span={12}
                          spanLG={null}
                          spanMD={6}
                          spanSM={null}
                          spanXL={5}
                        >
                          <figure
                            className="portfolio-page__supporting-image"
                          >
                            <img
                              alt=""
                              src="http://autotomic.com/envious/israelitish?a=rhonchal&b=tetrahydro#piehouse"
                            />
                          </figure>
                        </Column>
                      </Row>,
                      <hr
                        className="portfolio-page__content-divider"
                      />,
                      <PortfolioCarousel
                        desktopImage="http://hyperterrestrial.com/unconspiringness/uncreeping?a=pasterer&b=hemen#timalia"
                        mobileImage="https://quadrupedan.com/inroader/ohmmeter?a=proseuche&b=provisorily#coriander"
                        tabletImage="https://subtilism.com/dermatoscopy/nombril?a=phlebolithiasis&b=blancher#downthrow"
                      />,
                      <PortfolioDeviceLineup
                        desktopImage="http://hyperterrestrial.com/unconspiringness/uncreeping?a=pasterer&b=hemen#timalia"
                        mobileImage="https://quadrupedan.com/inroader/ohmmeter?a=proseuche&b=provisorily#coriander"
                        tabletImage="https://subtilism.com/dermatoscopy/nombril?a=phlebolithiasis&b=blancher#downthrow"
                      />,
                      <hr
                        className="portfolio-page__content-divider"
                      />,
                      <div
                        className="portfolio-page__external-link"
                      >
                        <Button
                          external={true}
                          primary={true}
                          secondary={true}
                          to="https://endocrinopathic.com/pluviometrically/phosphorylase?a=ulnocarpal&b=proreptilia#trochleariform"
                        >
                          Visit
                           
                          Scrupulum Misphrase
                        </Button>
                      </div>,
                    ],
                    "pull": null,
                    "pullLG": null,
                    "pullMD": null,
                    "pullSM": null,
                    "pullXL": null,
                    "push": null,
                    "pushLG": null,
                    "pushMD": null,
                    "pushSM": null,
                    "pushXL": null,
                    "span": null,
                    "spanLG": null,
                    "spanMD": null,
                    "spanSM": 10,
                    "spanXL": null,
                  },
                  "ref": null,
                  "rendered": Array [
                    Object {
                      "instance": null,
                      "key": undefined,
                      "nodeType": "function",
                      "props": Object {
                        "align": null,
                        "alignLG": "middle",
                        "alignMD": null,
                        "alignSM": null,
                        "alignXL": null,
                        "children": Array [
                          <Column
                            pull={null}
                            pullLG={null}
                            pullMD={null}
                            pullSM={null}
                            pullXL={null}
                            push={null}
                            pushLG={null}
                            pushMD={null}
                            pushSM={null}
                            pushXL={null}
                            span={12}
                            spanLG={null}
                            spanMD="auto"
                            spanSM={null}
                            spanXL={6}
                          >
                            <ReactMarkdown
                              astPlugins={Array []}
                              escapeHtml={true}
                              plugins={Array []}
                              rawSourcePos={false}
                              renderers={Object {}}
                              skipHtml={false}
                              source="Lorem ipsum dolor sit amet, consectetur adipisicing elit. Modi deserunt veritatis dolore sit ea, illum quae omnis placeat, natus est sapiente atque eaque obcaecati.

Lorem ipsum dolor sit amet, consectetur adipisicing elit. Modi deserunt veritatis dolore sit ea, illum quae omnis placeat, natus est sapiente atque eaque obcaecati."
                              sourcePos={false}
                              transformLinkUri={[Function]}
                            />
                          </Column>,
                          <Column
                            pull={null}
                            pullLG={null}
                            pullMD={null}
                            pullSM={null}
                            pullXL={null}
                            push={null}
                            pushLG={null}
                            pushMD={null}
                            pushSM={null}
                            pushXL={1}
                            span={12}
                            spanLG={null}
                            spanMD={6}
                            spanSM={null}
                            spanXL={5}
                          >
                            <figure
                              className="portfolio-page__supporting-image"
                            >
                              <img
                                alt=""
                                src="http://autotomic.com/envious/israelitish?a=rhonchal&b=tetrahydro#piehouse"
                              />
                            </figure>
                          </Column>,
                        ],
                        "justify": null,
                        "justifyLG": null,
                        "justifyMD": null,
                        "justifySM": null,
                        "justifyXL": null,
                      },
                      "ref": null,
                      "rendered": Array [
                        Object {
                          "instance": null,
                          "key": undefined,
                          "nodeType": "function",
                          "props": Object {
                            "children": <ReactMarkdown
                              astPlugins={Array []}
                              escapeHtml={true}
                              plugins={Array []}
                              rawSourcePos={false}
                              renderers={Object {}}
                              skipHtml={false}
                              source="Lorem ipsum dolor sit amet, consectetur adipisicing elit. Modi deserunt veritatis dolore sit ea, illum quae omnis placeat, natus est sapiente atque eaque obcaecati.

Lorem ipsum dolor sit amet, consectetur adipisicing elit. Modi deserunt veritatis dolore sit ea, illum quae omnis placeat, natus est sapiente atque eaque obcaecati."
                              sourcePos={false}
                              transformLinkUri={[Function]}
                            />,
                            "pull": null,
                            "pullLG": null,
                            "pullMD": null,
                            "pullSM": null,
                            "pullXL": null,
                            "push": null,
                            "pushLG": null,
                            "pushMD": null,
                            "pushSM": null,
                            "pushXL": null,
                            "span": 12,
                            "spanLG": null,
                            "spanMD": "auto",
                            "spanSM": null,
                            "spanXL": 6,
                          },
                          "ref": null,
                          "rendered": Object {
                            "instance": null,
                            "key": undefined,
                            "nodeType": "function",
                            "props": Object {
                              "astPlugins": Array [],
                              "escapeHtml": true,
                              "plugins": Array [],
                              "rawSourcePos": false,
                              "renderers": Object {},
                              "skipHtml": false,
                              "source": "Lorem ipsum dolor sit amet, consectetur adipisicing elit. Modi deserunt veritatis dolore sit ea, illum quae omnis placeat, natus est sapiente atque eaque obcaecati.

Lorem ipsum dolor sit amet, consectetur adipisicing elit. Modi deserunt veritatis dolore sit ea, illum quae omnis placeat, natus est sapiente atque eaque obcaecati.",
                              "sourcePos": false,
                              "transformLinkUri": [Function],
                            },
                            "ref": null,
                            "rendered": null,
                            "type": [Function],
                          },
                          "type": [Function],
                        },
                        Object {
                          "instance": null,
                          "key": undefined,
                          "nodeType": "function",
                          "props": Object {
                            "children": <figure
                              className="portfolio-page__supporting-image"
                            >
                              <img
                                alt=""
                                src="http://autotomic.com/envious/israelitish?a=rhonchal&b=tetrahydro#piehouse"
                              />
                            </figure>,
                            "pull": null,
                            "pullLG": null,
                            "pullMD": null,
                            "pullSM": null,
                            "pullXL": null,
                            "push": null,
                            "pushLG": null,
                            "pushMD": null,
                            "pushSM": null,
                            "pushXL": 1,
                            "span": 12,
                            "spanLG": null,
                            "spanMD": 6,
                            "spanSM": null,
                            "spanXL": 5,
                          },
                          "ref": null,
                          "rendered": Object {
                            "instance": null,
                            "key": undefined,
                            "nodeType": "host",
                            "props": Object {
                              "children": <img
                                alt=""
                                src="http://autotomic.com/envious/israelitish?a=rhonchal&b=tetrahydro#piehouse"
                              />,
                              "className": "portfolio-page__supporting-image",
                            },
                            "ref": null,
                            "rendered": Object {
                              "instance": null,
                              "key": undefined,
                              "nodeType": "host",
                              "props": Object {
                                "alt": "",
                                "src": "http://autotomic.com/envious/israelitish?a=rhonchal&b=tetrahydro#piehouse",
                              },
                              "ref": null,
                              "rendered": null,
                              "type": "img",
                            },
                            "type": "figure",
                          },
                          "type": [Function],
                        },
                      ],
                      "type": [Function],
                    },
                    Object {
                      "instance": null,
                      "key": undefined,
                      "nodeType": "host",
                      "props": Object {
                        "className": "portfolio-page__content-divider",
                      },
                      "ref": null,
                      "rendered": null,
                      "type": "hr",
                    },
                    Object {
                      "instance": null,
                      "key": undefined,
                      "nodeType": "function",
                      "props": Object {
                        "desktopImage": "http://hyperterrestrial.com/unconspiringness/uncreeping?a=pasterer&b=hemen#timalia",
                        "mobileImage": "https://quadrupedan.com/inroader/ohmmeter?a=proseuche&b=provisorily#coriander",
                        "tabletImage": "https://subtilism.com/dermatoscopy/nombril?a=phlebolithiasis&b=blancher#downthrow",
                      },
                      "ref": null,
                      "rendered": null,
                      "type": [Function],
                    },
                    Object {
                      "instance": null,
                      "key": undefined,
                      "nodeType": "function",
                      "props": Object {
                        "desktopImage": "http://hyperterrestrial.com/unconspiringness/uncreeping?a=pasterer&b=hemen#timalia",
                        "mobileImage": "https://quadrupedan.com/inroader/ohmmeter?a=proseuche&b=provisorily#coriander",
                        "tabletImage": "https://subtilism.com/dermatoscopy/nombril?a=phlebolithiasis&b=blancher#downthrow",
                      },
                      "ref": null,
                      "rendered": null,
                      "type": [Function],
                    },
                    Object {
                      "instance": null,
                      "key": undefined,
                      "nodeType": "host",
                      "props": Object {
                        "className": "portfolio-page__content-divider",
                      },
                      "ref": null,
                      "rendered": null,
                      "type": "hr",
                    },
                    Object {
                      "instance": null,
                      "key": undefined,
                      "nodeType": "host",
                      "props": Object {
                        "children": <Button
                          external={true}
                          primary={true}
                          secondary={true}
                          to="https://endocrinopathic.com/pluviometrically/phosphorylase?a=ulnocarpal&b=proreptilia#trochleariform"
                        >
                          Visit
                           
                          Scrupulum Misphrase
                        </Button>,
                        "className": "portfolio-page__external-link",
                      },
                      "ref": null,
                      "rendered": Object {
                        "instance": null,
                        "key": undefined,
                        "nodeType": "function",
                        "props": Object {
                          "children": Array [
                            "Visit",
                            " ",
                            "Scrupulum Misphrase",
                          ],
                          "external": true,
                          "primary": true,
                          "secondary": true,
                          "to": "https://endocrinopathic.com/pluviometrically/phosphorylase?a=ulnocarpal&b=proreptilia#trochleariform",
                        },
                        "ref": null,
                        "rendered": Array [
                          "Visit",
                          " ",
                          "Scrupulum Misphrase",
                        ],
                        "type": [Function],
                      },
                      "type": "div",
                    },
                  ],
                  "type": [Function],
                },
                "type": [Function],
              },
              "type": [Function],
            },
            "type": [Function],
          },
        ],
        "type": "div",
      },
      "type": [Function],
    },
  ],
  Symbol(enzyme.__options__): Object {
    "adapter": ReactSixteenAdapter {
      "options": Object {
        "enableComponentDidUpdateOnSetState": true,
        "lifecycles": Object {
          "componentDidUpdate": Object {
            "onSetState": true,
          },
          "getDerivedStateFromProps": true,
          "getSnapshotBeforeUpdate": true,
          "setState": Object {
            "skipsComponentDidUpdateOnNullish": true,
          },
        },
      },
    },
    "attachTo": undefined,
    "hydrateIn": undefined,
  },
}
`;
