// Jest Snapshot v1, https://goo.gl/fbAQLP

exports[`Components PortfolioPage should render as expected, without crashing 1`] = `
<Page>
  <div
    className="portfolio-page"
  >
    <PortfolioPageHeader
      bgImage="https://devotement.com/anticorn/pajahuello?a=rhynchophoran&b=toyer#prescience"
      tech={
        Array [
          Object {
            "icon": "storybook",
            "name": "youngling",
          },
        ]
      }
      title="Scrupulum Misphrase"
    />
    <PortfolioPageContent>
      <Container>
        <Row
          justify="center"
        >
          <Column
            spanSM={10}
          >
            <Row
              alignLG="middle"
            >
              <Column
                span={12}
                spanMD="auto"
                spanXL={6}
              >
                <ReactMarkdown
                  astPlugins={Array []}
                  escapeHtml={true}
                  parserOptions={Object {}}
                  plugins={Array []}
                  rawSourcePos={false}
                  renderers={Object {}}
                  skipHtml={false}
                  source="Lorem ipsum dolor sit amet, consectetur adipisicing elit. Modi deserunt veritatis dolore sit ea, illum quae omnis placeat, natus est sapiente atque eaque obcaecati.

Lorem ipsum dolor sit amet, consectetur adipisicing elit. Modi deserunt veritatis dolore sit ea, illum quae omnis placeat, natus est sapiente atque eaque obcaecati."
                  sourcePos={false}
                  transformLinkUri={[Function]}
                />
              </Column>
              <Column
                pushXL={1}
                span={12}
                spanMD={6}
                spanXL={5}
              >
                <figure
                  className="portfolio-page__supporting-image"
                >
                  <img
                    alt=""
                    src="http://autotomic.com/envious/israelitish?a=rhonchal&b=tetrahydro#piehouse"
                  />
                </figure>
              </Column>
            </Row>
            <hr
              className="portfolio-page__content-divider"
            />
            <PortfolioCarousel
              desktopImage="http://hyperterrestrial.com/unconspiringness/uncreeping?a=pasterer&b=hemen#timalia"
              mobileImage="https://quadrupedan.com/inroader/ohmmeter?a=proseuche&b=provisorily#coriander"
              tabletImage="https://subtilism.com/dermatoscopy/nombril?a=phlebolithiasis&b=blancher#downthrow"
            />
            <PortfolioDeviceLineup
              desktopImage="http://hyperterrestrial.com/unconspiringness/uncreeping?a=pasterer&b=hemen#timalia"
              mobileImage="https://quadrupedan.com/inroader/ohmmeter?a=proseuche&b=provisorily#coriander"
              tabletImage="https://subtilism.com/dermatoscopy/nombril?a=phlebolithiasis&b=blancher#downthrow"
            />
            <hr
              className="portfolio-page__content-divider"
            />
            <div
              className="portfolio-page__external-link"
            >
              <Button
                external={true}
                secondary={true}
                to="https://endocrinopathic.com/pluviometrically/phosphorylase?a=ulnocarpal&b=proreptilia#trochleariform"
              >
                Visit 
                Scrupulum Misphrase
              </Button>
            </div>
          </Column>
        </Row>
      </Container>
    </PortfolioPageContent>
  </div>
</Page>
`;
