// Jest Snapshot v1, https://goo.gl/fbAQLP

exports[`Components AboutSection should render as expected, without crashing 1`] = `
<div
  className="about__section"
>
  <Heading
    className="about__section__title"
    displayLevel={3}
    level={2}
    text="Consequuntur consequatur inventore nam, laborum"
  />
  <div>
    Test
  </div>
</div>
`;
