// Jest Snapshot v1, https://goo.gl/fbAQLP

exports[`Components Main should render as expected, without crashing 1`] = `
<main
  className="main"
  id="main-content"
>
  <div
    className="main__content"
  >
    <Connect(Spinner) />
    <div>
      Test Location
    </div>
    <div>
      Test
    </div>
  </div>
</main>
`;
