// Jest Snapshot v1, https://goo.gl/fbAQLP

exports[`Components App should render as expected, without crashing 1`] = `
<HashRouter
  basename="/"
>
  <div
    className="app"
  >
    <withRouter(Connect(Sidebar)) />
    <withRouter(Connect(Main))
      renderLocation={[Function]}
    >
      <Footer />
    </withRouter(Connect(Main))>
  </div>
</HashRouter>
`;
