// Jest Snapshot v1, https://goo.gl/fbAQLP

exports[`Components Carousel should render as expected, without crashing 1`] = `
<Carousel
  axis="horizontal"
  centerSlidePercentage={80}
  dynamicHeight={true}
  emulateTouch={true}
  infiniteLoop={true}
  interval={3000}
  labels={
    Object {
      "item": "slide item",
      "leftArrow": "previous slide / item",
      "rightArrow": "next slide / item",
    }
  }
  onChange={[Function]}
  onClickItem={[Function]}
  onClickThumb={[Function]}
  onSwipeEnd={[Function]}
  onSwipeMove={[Function]}
  onSwipeStart={[Function]}
  renderArrowNext={[Function]}
  renderArrowPrev={[Function]}
  renderIndicator={[Function]}
  renderItem={[Function]}
  renderThumbs={[Function]}
  selectedItem={0}
  showArrows={false}
  showIndicators={true}
  showStatus={false}
  showThumbs={false}
  statusFormatter={[Function]}
  stopOnHover={true}
  swipeScrollTolerance={75}
  swipeable={true}
  transitionTime={500}
  useKeyboardArrows={true}
  verticalSwipe="standard"
  width="100%"
>
  <div>
    Test
  </div>
</Carousel>
`;
