// Jest Snapshot v1, https://goo.gl/fbAQLP

exports[`Components PageHeader should render as expected, without crashing 1`] = `
ShallowWrapper {
  Symbol(enzyme.__root__): [Circular],
  Symbol(enzyme.__unrendered__): <PageHeader
    isFullscreen={false}
    scrollLabel="Scroll for more"
    title="Puture Marsh Ankylose"
  >
    <div>
      Test
    </div>
  </PageHeader>,
  Symbol(enzyme.__renderer__): Object {
    "batchedUpdates": [Function],
    "getNode": [Function],
    "render": [Function],
    "simulateError": [Function],
    "simulateEvent": [Function],
    "unmount": [Function],
  },
  Symbol(enzyme.__node__): Object {
    "instance": null,
    "key": undefined,
    "nodeType": "host",
    "props": Object {
      "children": Array [
        <Container>
          <div
            className="page-header__content"
          >
            <div
              className="page-header__title"
            >
              <h1
                className="page-header__title__text"
              >
                Puture Marsh Ankylose
              </h1>
            </div>
            <div>
              Test
            </div>
          </div>
        </Container>,
        false,
      ],
      "className": "page-header",
      "style": Object {
        "height": false,
      },
    },
    "ref": Object {
      "current": null,
    },
    "rendered": Array [
      Object {
        "instance": null,
        "key": undefined,
        "nodeType": "function",
        "props": Object {
          "children": <div
            className="page-header__content"
          >
            <div
              className="page-header__title"
            >
              <h1
                className="page-header__title__text"
              >
                Puture Marsh Ankylose
              </h1>
            </div>
            <div>
              Test
            </div>
          </div>,
        },
        "ref": null,
        "rendered": Object {
          "instance": null,
          "key": undefined,
          "nodeType": "host",
          "props": Object {
            "children": Array [
              <div
                className="page-header__title"
              >
                <h1
                  className="page-header__title__text"
                >
                  Puture Marsh Ankylose
                </h1>
              </div>,
              <div>
                Test
              </div>,
            ],
            "className": "page-header__content",
          },
          "ref": null,
          "rendered": Array [
            Object {
              "instance": null,
              "key": undefined,
              "nodeType": "host",
              "props": Object {
                "children": <h1
                  className="page-header__title__text"
                >
                  Puture Marsh Ankylose
                </h1>,
                "className": "page-header__title",
              },
              "ref": null,
              "rendered": Object {
                "instance": null,
                "key": undefined,
                "nodeType": "host",
                "props": Object {
                  "children": "Puture Marsh Ankylose",
                  "className": "page-header__title__text",
                },
                "ref": null,
                "rendered": "Puture Marsh Ankylose",
                "type": "h1",
              },
              "type": "div",
            },
            Object {
              "instance": null,
              "key": undefined,
              "nodeType": "host",
              "props": Object {
                "children": "Test",
              },
              "ref": null,
              "rendered": "Test",
              "type": "div",
            },
          ],
          "type": "div",
        },
        "type": [Function],
      },
      false,
    ],
    "type": "header",
  },
  Symbol(enzyme.__nodes__): Array [
    Object {
      "instance": null,
      "key": undefined,
      "nodeType": "host",
      "props": Object {
        "children": Array [
          <Container>
            <div
              className="page-header__content"
            >
              <div
                className="page-header__title"
              >
                <h1
                  className="page-header__title__text"
                >
                  Puture Marsh Ankylose
                </h1>
              </div>
              <div>
                Test
              </div>
            </div>
          </Container>,
          false,
        ],
        "className": "page-header",
        "style": Object {
          "height": false,
        },
      },
      "ref": Object {
        "current": null,
      },
      "rendered": Array [
        Object {
          "instance": null,
          "key": undefined,
          "nodeType": "function",
          "props": Object {
            "children": <div
              className="page-header__content"
            >
              <div
                className="page-header__title"
              >
                <h1
                  className="page-header__title__text"
                >
                  Puture Marsh Ankylose
                </h1>
              </div>
              <div>
                Test
              </div>
            </div>,
          },
          "ref": null,
          "rendered": Object {
            "instance": null,
            "key": undefined,
            "nodeType": "host",
            "props": Object {
              "children": Array [
                <div
                  className="page-header__title"
                >
                  <h1
                    className="page-header__title__text"
                  >
                    Puture Marsh Ankylose
                  </h1>
                </div>,
                <div>
                  Test
                </div>,
              ],
              "className": "page-header__content",
            },
            "ref": null,
            "rendered": Array [
              Object {
                "instance": null,
                "key": undefined,
                "nodeType": "host",
                "props": Object {
                  "children": <h1
                    className="page-header__title__text"
                  >
                    Puture Marsh Ankylose
                  </h1>,
                  "className": "page-header__title",
                },
                "ref": null,
                "rendered": Object {
                  "instance": null,
                  "key": undefined,
                  "nodeType": "host",
                  "props": Object {
                    "children": "Puture Marsh Ankylose",
                    "className": "page-header__title__text",
                  },
                  "ref": null,
                  "rendered": "Puture Marsh Ankylose",
                  "type": "h1",
                },
                "type": "div",
              },
              Object {
                "instance": null,
                "key": undefined,
                "nodeType": "host",
                "props": Object {
                  "children": "Test",
                },
                "ref": null,
                "rendered": "Test",
                "type": "div",
              },
            ],
            "type": "div",
          },
          "type": [Function],
        },
        false,
      ],
      "type": "header",
    },
  ],
  Symbol(enzyme.__options__): Object {
    "adapter": ReactSixteenAdapter {
      "options": Object {
        "enableComponentDidUpdateOnSetState": true,
        "lifecycles": Object {
          "componentDidUpdate": Object {
            "onSetState": true,
          },
          "getDerivedStateFromProps": true,
          "getSnapshotBeforeUpdate": true,
          "setState": Object {
            "skipsComponentDidUpdateOnNullish": true,
          },
        },
      },
    },
    "attachTo": undefined,
    "hydrateIn": undefined,
  },
}
`;
