// Jest Snapshot v1, https://goo.gl/fbAQLP

exports[`<Row /> should render as expected, without crashing 1`] = `
<Row
  align={null}
  alignLG={null}
  alignMD={null}
  alignSM={null}
  alignXL={null}
  justify={null}
  justifyLG={null}
  justifyMD={null}
  justifySM={null}
  justifyXL={null}
>
  <div>
    Test children
  </div>
</Row>
`;
