// Jest Snapshot v1, https://goo.gl/fbAQLP

exports[`Components PageHeaderSubtitle should render as expected, without crashing 1`] = `
.c3 {
  position: relative;
  -webkit-flex: 1 0 auto;
  -ms-flex: 1 0 auto;
  flex: 1 0 auto;
  max-width: 100%;
  min-height: 1px;
  padding-right: 0.75rem;
  padding-left: 0.75rem;
}

.c1 {
  width: 100%;
  padding-right: 0.75rem;
  padding-left: 0.75rem;
}

.c2 {
  display: -webkit-box;
  display: -webkit-flex;
  display: -ms-flexbox;
  display: flex;
  -webkit-flex-flow: row wrap;
  -ms-flex-flow: row wrap;
  flex-flow: row wrap;
  margin-right: -0.75rem;
  margin-left: -0.75rem;
  -webkit-box-pack: center;
  -webkit-justify-content: center;
  -ms-flex-pack: center;
  justify-content: center;
}

.c0 {
  font-family: 'Barlow',sans-serif;
  font-weight: 300;
  -webkit-letter-spacing: 0.2em;
  -moz-letter-spacing: 0.2em;
  -ms-letter-spacing: 0.2em;
  letter-spacing: 0.2em;
  line-height: 1.2;
  margin: 0 0 1rem;
  text-transform: uppercase;
  font-size: 1rem;
  color: rgba(242,241,243,0.5);
  margin: 0;
  padding-bottom: 1rem;
  text-transform: uppercase;
}

.c0 a {
  color: #dc8381;
}

.c0 a:hover,
.c0 a:focus {
  color: hsl(1.3000000000000114,56.5%,75.3%);
}

.c0 a:active {
  color: hsl(1.3000000000000114,56.5%,61.6%);
}

@media (min-width:48em) {
  .c3 {
    padding-right: 0.9375rem;
    padding-left: 0.9375rem;
  }
}

@media (min-width:30em) {
  .c3 {
    -webkit-flex-basis: 83.33333333333334%;
    -ms-flex-preferred-size: 83.33333333333334%;
    flex-basis: 83.33333333333334%;
    max-width: 83.33333333333334%;
  }
}

@media (min-width:48em) {
  .c3 {
    -webkit-flex-basis: 66.66666666666666%;
    -ms-flex-preferred-size: 66.66666666666666%;
    flex-basis: 66.66666666666666%;
    max-width: 66.66666666666666%;
  }
}

@media (min-width:48em) {
  .c1 {
    padding-right: 0.9375rem;
    padding-left: 0.9375rem;
  }
}

@media (min-width:48em) {
  .c2 {
    margin-right: -0.9375rem;
    margin-left: -0.9375rem;
  }
}

@media (min-width:48em) {
  .c0 {
    font-size: 1.5rem;
  }
}

@media (min-width:48em) {
  .c0 {
    padding-bottom: 2rem;
  }
}

<h2
  class="c0"
>
  <div
    class="c1"
  >
    <div
      class="c2"
    >
      <div
        class="c3"
      >
        <div>
          Test
        </div>
      </div>
    </div>
  </div>
</h2>
`;
