// Jest Snapshot v1, https://goo.gl/fbAQLP

exports[`Components/Grid/Column should render as expected, without crashing 1`] = `
.c0 {
  position: relative;
  -webkit-flex: 1 0 auto;
  -ms-flex: 1 0 auto;
  flex: 1 0 auto;
  max-width: 100%;
  min-height: 1px;
  padding-right: 0.75rem;
  padding-left: 0.75rem;
}

@media (min-width:48em) {
  .c0 {
    padding-right: 0.9375rem;
    padding-left: 0.9375rem;
  }
}

<div
  class="c0"
>
  <div>
    Children
  </div>
</div>
`;
